=== hlab round 4 (prefix hlab_r4, seed 999) ===
--- early trees (video-only) ---
--- download (cached after round 1) ---
Fetching 32 files:   0%|          | 0/32 [00:00<?, ?it/s]Fetching 32 files: 100%|██████████| 32/32 [00:00<00:00, 3054.64it/s]
--- serve ---
server ready
--- anchor L2 (verdict_think16k) ---
=== L2: P0 + depiction/necessity guard line (min delta) ===
  [L2 1] prompt_0.mp4: Normal (X)
  [L2 2] prompt_2.mp4: Anomaly (ok)
  [L2 3] prompt_5.mp4: Normal (X)
  [L2 4] prompt_3.mp4: Anomaly (ok)
L2: 2/4
gate: 4/4 recs, unknown=0, stage2-trunc=0, stage1-unknown=0
=== L2: P0 + depiction/necessity guard line (min delta) ===
  [L2 1] prompt_0_v13.mp4: Anomaly (ok)
  [L2 2] prompt_0_v15.mp4: Anomaly (ok)
  [L2 3] prompt_0_v01.mp4: Normal (X)
  [L2 4] prompt_0_v16.mp4: Anomaly (ok)
  [L2 5] prompt_0_v03.mp4: Anomaly (ok)
  [L2 6] prompt_2_v02.mp4: Anomaly (ok)
  [L2 7] prompt_0_v10.mp4: Normal (X)
  [L2 8] prompt_2_v07.mp4: Anomaly (ok)
  [L2 9] prompt_2_v12.mp4: Anomaly (ok)
  [L2 10] prompt_2_v03.mp4: Anomaly (ok)
  [L2 11] prompt_3_v07.mp4: Normal (X)
  [L2 12] prompt_2_v13.mp4: Anomaly (ok)
  [L2 13] prompt_2_v15.mp4: Anomaly (ok)
  [L2 14] prompt_4_v02.mp4: Anomaly (ok)
  [L2 15] prompt_4_v01.mp4: Normal (X)
  [L2 16] prompt_4_v04.mp4: Normal (X)
  [L2 17] prompt_3_v13.mp4: Normal (X)
  [L2 18] prompt_3_v11.mp4: Normal (X)
  [L2 19] prompt_4_v13.mp4: Anomaly (ok)
  [L2 20] prompt_3_v14.mp4: Anomaly (ok)
  [L2 21] prompt_5_v09.mp4: Normal (X)
  [L2 22] prompt_5_v03.mp4: Normal (X)
  [L2 23] prompt_4_v16.mp4: Normal (X)
  [L2 24] prompt_8_v08.mp4: Normal (X)
  [L2 25] prompt_4_v20.mp4: Anomaly (ok)
  [L2 26] prompt_5_v12.mp4: Normal (X)
  [L2 27] prompt_8_v12.mp4: Normal (X)
  [L2 28] prompt_9_v02.mp4: Anomaly (ok)
  [L2 29] prompt_5_v01.mp4: Anomaly (ok)
  [L2 30] prompt_9_v01.mp4: Normal (X)
  [L2 31] prompt_9_v09.mp4: Anomaly (ok)
  [L2 32] prompt_6.mp4: Normal (ok)
  [L2 33] prompt_9_v05.mp4: Anomaly (ok)
  [L2 34] prompt_9_v15.mp4: Normal (X)
  [L2 35] prompt_9_v18.mp4: Normal (X)
  [L2 36] prompt_0_v07.mp4: Normal (ok)
  [L2 37] prompt_5_v07.mp4: Normal (X)
  [L2 38] prompt_9_v20.mp4: Normal (X)
  [L2 39] prompt_0_v12.mp4: Normal (ok)
  [L2 40] prompt_0_v19.mp4: Normal (ok)
  [L2 41] prompt_0_v16.mp4: Normal (ok)
  [L2 42] prompt_0_v08.mp4: Normal (ok)
  [L2 43] prompt_8.mp4: Normal (ok)
  [L2 44] prompt_11_v04.mp4: Normal (ok)
  [L2 45] prompt_11_v13.mp4: Normal (ok)
  [L2 46] prompt_11_v15.mp4: Normal (ok)
  [L2 47] prompt_11_v12.mp4: Normal (ok)
  [L2 48] prompt_11_v20.mp4: Normal (ok)
  [L2 49] prompt_2_v01.mp4: Normal (ok)
  [L2 50] prompt_4_v07.mp4: Normal (ok)
  [L2 51] prompt_4_v05.mp4: Normal (ok)
  [L2 52] prompt_2_v05.mp4: Normal (ok)
  [L2 53] prompt_4_v03.mp4: Normal (ok)
  [L2 54] prompt_4_v20.mp4: Normal (ok)
  [L2 55] prompt_2_v20.mp4: Anomaly (X)
  [L2 56] prompt_4_v18.mp4: Normal (ok)
  [L2 57] prompt_5_v07.mp4: Normal (ok)
  [L2 58] prompt_5_v01.mp4: Normal (ok)
  [L2 59] prompt_5_v10.mp4: Normal (ok)
  [L2 60] prompt_6_v03.mp4: Normal (ok)
  [L2 61] prompt_4_v13.mp4: Normal (ok)
  [L2 62] prompt_6_v05.mp4: Normal (ok)
  [L2 63] prompt_6_v07.mp4: Normal (ok)
  [L2 64] prompt_6_v14.mp4: Normal (ok)
  [L2 65] prompt_5_v02.mp4: Normal (ok)
  [L2 66] prompt_8_v03.mp4: Normal (ok)
  [L2 67] prompt_8_v08.mp4: Normal (ok)
  [L2 68] prompt_6_v06.mp4: Normal (ok)
  [L2 69] prompt_8_v04.mp4: Normal (ok)
  [L2 70] prompt_5_v19.mp4: Normal (ok)
  [L2 71] prompt_8_v11.mp4: Normal (ok)
  [L2 72] prompt_9_v06.mp4: Normal (ok)
  [L2 73] prompt_9_v16.mp4: Anomaly (X)
  [L2 74] prompt_9_v01.mp4: Normal (ok)
  [L2 75] prompt_8_v18.mp4: Normal (ok)
  [L2 76] prompt_9_v08.mp4: Anomaly (X)
L2: 57/80
--- arm M8 (window generated_vids_720p_tminus2.5) ---
[1] prompt_0.mp4: expect=continue (gt=continue) -> Anomaly
[2] prompt_0_v07.mp4: expect=continue (gt=continue) -> Normal
[3] prompt_8.mp4: expect=slow (gt=stop) -> Anomaly
[4] prompt_3.mp4: expect=wait (gt=wait) -> Anomaly
stage1 strict 3/4  lenient 3/4
monitor verdict accuracy 3/4
gate: 4/4 recs, unknown=0, stage2-trunc=0, stage1-unknown=0
[1] prompt_0_v10.mp4: expect=continue (gt=continue) -> Anomaly
[2] prompt_0_v13.mp4: expect=continue (gt=continue) -> Anomaly
[3] prompt_0_v03.mp4: expect=continue (gt=continue) -> Anomaly
[4] prompt_0_v01.mp4: expect=continue (gt=continue) -> Anomaly
[5] prompt_2.mp4: expect=continue (gt=continue) -> Anomaly
[6] prompt_0_v15.mp4: expect=continue (gt=continue) -> Anomaly
[7] prompt_0_v16.mp4: expect=continue (gt=continue) -> Anomaly
[8] prompt_2_v02.mp4: expect=slow (gt=continue) -> Anomaly
[9] prompt_2_v07.mp4: expect=continue (gt=continue) -> Anomaly
[10] prompt_5.mp4: expect=slow (gt=continue) -> Anomaly
[11] prompt_2_v13.mp4: expect=slow (gt=continue) -> Anomaly
[12] prompt_2_v12.mp4: expect=slow (gt=continue) -> Anomaly
[13] prompt_3_v07.mp4: expect=wait (gt=wait) -> Anomaly
[14] prompt_2_v15.mp4: expect=continue (gt=continue) -> Anomaly
[15] prompt_3_v11.mp4: expect=wait (gt=wait) -> Anomaly
[16] prompt_3_v14.mp4: expect=wait (gt=wait) -> Anomaly
[17] prompt_2_v03.mp4: expect=continue (gt=continue) -> Anomaly
[18] prompt_4_v02.mp4: expect=slow (gt=continue) -> Anomaly
[19] prompt_4_v01.mp4: expect=slow (gt=continue) -> Anomaly
[20] prompt_4_v16.mp4: expect=continue (gt=continue) -> Anomaly
[21] prompt_4_v20.mp4: expect=slow (gt=continue) -> Anomaly
[22] prompt_3_v13.mp4: expect=wait (gt=wait) -> Anomaly
[23] prompt_5_v03.mp4: expect=slow (gt=continue) -> Anomaly
[24] prompt_5_v01.mp4: expect=slow (gt=continue) -> Anomaly
[25] prompt_4_v04.mp4: expect=continue (gt=continue) -> Anomaly
[26] prompt_5_v09.mp4: expect=stop (gt=continue) -> Normal
[27] prompt_8_v08.mp4: expect=slow (gt=stop) -> Normal
[28] prompt_5_v07.mp4: expect=continue (gt=continue) -> Anomaly
[29] prompt_4_v13.mp4: expect=slow (gt=continue) -> Anomaly
[30] prompt_8_v12.mp4: expect=continue (gt=stop) -> Normal
[31] prompt_5_v12.mp4: expect=slow (gt=continue) -> Anomaly
[32] prompt_9_v02.mp4: expect=continue (gt=stop) -> Normal
[33] prompt_9_v05.mp4: expect=slow (gt=stop) -> Normal
[34] prompt_9_v15.mp4: expect=continue (gt=stop) -> Normal
[35] prompt_9_v20.mp4: expect=stop (gt=stop) -> Anomaly
[36] prompt_0_v08.mp4: expect=continue (gt=continue) -> Normal
[37] prompt_6.mp4: expect=continue (gt=slow) -> Normal
[38] prompt_9_v01.mp4: expect=stop (gt=stop) -> Anomaly
[39] prompt_0_v12.mp4: expect=continue (gt=continue) -> Normal
[40] prompt_0_v16.mp4: expect=continue (gt=continue) -> Normal
[41] prompt_0_v19.mp4: expect=continue (gt=continue) -> Normal
[42] prompt_11_v13.mp4: expect=stop (gt=stop) -> Normal
[43] prompt_11_v04.mp4: expect=stop (gt=stop) -> Normal
[44] prompt_9_v09.mp4: expect=slow (gt=stop) -> Normal
[45] prompt_9_v18.mp4: expect=stop (gt=stop) -> Anomaly
[46] prompt_2_v01.mp4: expect=continue (gt=continue) -> Normal
[47] prompt_11_v15.mp4: expect=stop (gt=stop) -> Normal
[48] prompt_2_v05.mp4: expect=continue (gt=continue) -> Normal
[49] prompt_2_v20.mp4: expect=continue (gt=continue) -> Normal
[50] prompt_11_v12.mp4: expect=wait (gt=stop) -> Anomaly
[51] prompt_4_v05.mp4: expect=slow (gt=continue) -> Normal
[52] prompt_4_v03.mp4: expect=continue (gt=continue) -> Normal
[53] prompt_11_v20.mp4: expect=wait (gt=stop) -> Anomaly
[54] prompt_4_v13.mp4: expect=slow (gt=continue) -> Normal
[55] prompt_4_v20.mp4: expect=slow (gt=continue) -> Normal
[56] prompt_5_v01.mp4: expect=slow (gt=continue) -> Normal
[57] prompt_4_v07.mp4: expect=continue (gt=continue) -> Normal
[58] prompt_5_v07.mp4: expect=slow (gt=continue) -> Normal
[59] prompt_4_v18.mp4: expect=continue (gt=continue) -> Normal
[60] prompt_6_v05.mp4: expect=slow (gt=slow) -> Normal
[61] prompt_6_v03.mp4: expect=continue (gt=slow) -> Normal
[62] prompt_5_v10.mp4: expect=continue (gt=continue) -> Normal
[63] prompt_6_v07.mp4: expect=slow (gt=slow) -> Normal
[64] prompt_8_v03.mp4: expect=stop (gt=stop) -> Normal
[65] prompt_5_v19.mp4: expect=slow (gt=continue) -> Normal
[66] prompt_6_v06.mp4: expect=continue (gt=slow) -> Normal
[67] prompt_6_v14.mp4: expect=continue (gt=slow) -> Normal
[68] prompt_5_v02.mp4: expect=slow (gt=continue) -> Normal
[69] prompt_8_v08.mp4: expect=slow (gt=stop) -> Anomaly
[70] prompt_8_v11.mp4: expect=slow (gt=stop) -> Anomaly
[71] prompt_9_v01.mp4: expect=stop (gt=stop) -> Normal
[72] prompt_9_v08.mp4: expect=continue (gt=stop) -> Anomaly
[73] prompt_9_v16.mp4: expect=continue (gt=stop) -> Anomaly
[74] prompt_9_v06.mp4: expect=stop (gt=stop) -> Normal
[75] prompt_8_v04.mp4: expect=slow (gt=stop) -> Anomaly
[76] prompt_8_v18.mp4: expect=slow (gt=stop) -> Anomaly
stage1 strict 42/80  lenient 61/80
monitor verdict accuracy 64/80
--- reports ---
# Prompt lab — round 4 (hlab_r4t)

n=80 paired clips; baseline=L2 acc=0.713

| variant | acc | 95% CI | balacc | rec/spec | vs base net (p) | breadth | anomaly-verdicts | trunc | hypothesis |
|---|---|---|---|---|---|---|---|---|---|
| M8 | 0.800 | [0.700,0.873] | 0.800 | 0.82/0.78 | +7 (0.248) | 5/15 | 42/80 | 0 | compose: guard+feature stage 1 x narrative comparator |
| L2 | 0.713 | [0.605,0.800] | 0.713 | 0.50/0.93 | +0 (1.000) | 0/15 | 23/80 | 0 | P0 + depiction/necessity guard line (min delta) |

## Per-scenario accuracy

| scenario | n | M8 | L2 |
|---|---|---|---|
| neg_prompt_0 | 7 | 7/7 | 4/7 |
| neg_prompt_2 | 7 | 7/7 | 7/7 |
| neg_prompt_3 | 5 | 5/5 | 2/5 |
| neg_prompt_4 | 6 | 6/6 | 3/6 |
| neg_prompt_5 | 6 | 5/6 | 1/6 |
| neg_prompt_8 | 2 | 0/2 | 0/2 |
| neg_prompt_9 | 7 | 3/7 | 3/7 |
| pos_prompt_0 | 5 | 5/5 | 5/5 |
| pos_prompt_11 | 5 | 3/5 | 5/5 |
| pos_prompt_2 | 3 | 3/3 | 2/3 |
| pos_prompt_4 | 6 | 6/6 | 6/6 |
| pos_prompt_5 | 5 | 5/5 | 5/5 |
| pos_prompt_6 | 6 | 6/6 | 6/6 |
| pos_prompt_8 | 6 | 1/6 | 6/6 |
| pos_prompt_9 | 4 | 2/4 | 2/4 |

## M8 vs L2: flips

fixed (17): prompt_0.mp4, prompt_5.mp4, prompt_0_v01.mp4, prompt_0_v10.mp4, prompt_3_v07.mp4, prompt_3_v11.mp4, prompt_3_v13.mp4, prompt_4_v01.mp4, prompt_4_v04.mp4, prompt_4_v16.mp4, prompt_5_v03.mp4, prompt_5_v07.mp4, prompt_5_v12.mp4, prompt_9_v01.mp4, prompt_9_v18.mp4, prompt_9_v20.mp4, prompt_2_v20.mp4
broke (10): prompt_9_v02.mp4, prompt_9_v05.mp4, prompt_9_v09.mp4, prompt_8.mp4, prompt_11_v12.mp4, prompt_11_v20.mp4, prompt_8_v04.mp4, prompt_8_v08.mp4, prompt_8_v11.mp4, prompt_8_v18.mp4

wrote /root/vlm_anomaly_reasoning/logs/prompt_lab_hlab_r4t.md
M8 verdict distribution: {'Normal': 38, 'Anomaly': 42}
# H-lab diagnostics — hlab_r4t

| arm | n | stage-1 answers (cont/slow/stop/wait/unk) | strict | lenient | twin divergence | verdict acc | acc | stage-1 ok | acc | stage-1 wrong | s1 trunc | s2 trunc | Unknown verdicts |
|---|---|---|---|---|---|---|---|---|---|---|---|
| M8 | 80 | 35/28/10/7/0 | 42/80 | 61/80 | 0.22 | 0.800 | 1.00 | 61 | 0.16 | 19 | 0 | 0 | 0 |

## Flips vs L2 by scenario (fixed/broke)

- M8: net +7 — neg_prompt_0 +3/-0, neg_prompt_3 +3/-0, neg_prompt_4 +3/-0, neg_prompt_5 +4/-0, neg_prompt_9 +3/-3, pos_prompt_11 +0/-2, pos_prompt_2 +1/-0, pos_prompt_8 +0/-5

wrote /root/vlm_anomaly_reasoning/logs/hlab_diag_hlab_r4t.md
=== hlab round 4 complete ===
stopping server
HLAB_R4_EXIT=0
